
> tcf-tef-backend@1.0.0 build
> tsc && tsc-alias

src/controllers/liveSessionController.ts(371,9): error TS2322: Type '{ userId: string; sessionId: any; reminderTime: number; reminderDate: Date; emailSent: false; }' is not assignable to type '(Without<SessionReminderCreateInput, SessionReminderUncheckedCreateInput> & SessionReminderUncheckedCreateInput) | (Without<...> & SessionReminderCreateInput)'.
  Type '{ userId: string; sessionId: any; reminderTime: number; reminderDate: Date; emailSent: false; }' is not assignable to type 'Without<SessionReminderUncheckedCreateInput, SessionReminderCreateInput> & SessionReminderCreateInput'.
    Type '{ userId: string; sessionId: any; reminderTime: number; reminderDate: Date; emailSent: false; }' is missing the following properties from type 'SessionReminderCreateInput': id, updatedAt
src/routes/ai.ts(279,7): error TS2322: Type '{ content: string; contentType: any; level: string; contentId: any; extractedText: string; aiAnalysis: { summary: string; keyPoints: string[]; difficulty: string; topics: string[]; }; documentUrl: any; documentType: any; createdAt: Date; }' is not assignable to type '(Without<QuestionBankEntryCreateInput, QuestionBankEntryUncheckedCreateInput> & QuestionBankEntryUncheckedCreateInput) | (Without<...> & QuestionBankEntryCreateInput)'.
  Type '{ content: string; contentType: any; level: string; contentId: any; extractedText: string; aiAnalysis: { summary: string; keyPoints: string[]; difficulty: string; topics: string[]; }; documentUrl: any; documentType: any; createdAt: Date; }' is not assignable to type 'Without<QuestionBankEntryUncheckedCreateInput, QuestionBankEntryCreateInput> & QuestionBankEntryCreateInput'.
    Type '{ content: string; contentType: any; level: string; contentId: any; extractedText: string; aiAnalysis: { summary: string; keyPoints: string[]; difficulty: string; topics: string[]; }; documentUrl: any; documentType: any; createdAt: Date; }' is missing the following properties from type 'QuestionBankEntryCreateInput': id, updatedAt
src/routes/ai.ts(640,7): error TS2322: Type '{ studentId: string; tutorId: any; feedbackId: string; message: any; status: "PENDING"; requestType: string; }' is not assignable to type '(Without<ReviewRequestCreateInput, ReviewRequestUncheckedCreateInput> & ReviewRequestUncheckedCreateInput) | (Without<...> & ReviewRequestCreateInput)'.
  Type '{ studentId: string; tutorId: any; feedbackId: string; message: any; status: "PENDING"; requestType: string; }' is not assignable to type 'Without<ReviewRequestUncheckedCreateInput, ReviewRequestCreateInput> & ReviewRequestCreateInput'.
    Type '{ studentId: string; tutorId: any; feedbackId: string; message: any; status: "PENDING"; requestType: string; }' is missing the following properties from type 'ReviewRequestCreateInput': id, updatedAt
src/routes/simulations.ts(376,7): error TS2322: Type '{ userId: string; testAttemptId: string; simulationTitle: string; totalScore: number; maxScore: number; percentage: number; grade: string; level: $Enums.CourseLevel; timeSpent: any; ... 4 more ...; recommendations: string[]; }' is not assignable to type '(Without<SimulationResultCreateInput, SimulationResultUncheckedCreateInput> & SimulationResultUncheckedCreateInput) | (Without<...> & SimulationResultCreateInput)'.
  Type '{ userId: string; testAttemptId: string; simulationTitle: string; totalScore: number; maxScore: number; percentage: number; grade: string; level: $Enums.CourseLevel; timeSpent: any; ... 4 more ...; recommendations: string[]; }' is not assignable to type 'Without<SimulationResultUncheckedCreateInput, SimulationResultCreateInput> & SimulationResultCreateInput'.
    Type '{ userId: string; testAttemptId: string; simulationTitle: string; totalScore: number; maxScore: number; percentage: number; grade: string; level: $Enums.CourseLevel; timeSpent: any; ... 4 more ...; recommendations: string[]; }' is not assignable to type 'Without<SimulationResultUncheckedCreateInput, SimulationResultCreateInput>'.
      Types of property 'testAttemptId' are incompatible.
        Type 'string' is not assignable to type 'never'.
src/services/adminService.ts(1282,9): error TS2322: Type '{ student: { select: { id: true; firstName: true; lastName: true; email: true; profileImage: true; }; }; tutor: { select: { id: true; firstName: true; lastName: true; email: true; }; }; feedback: { select: { id: true; ... 8 more ...; createdAt: true; }; }; }' is not assignable to type 'never'.
src/services/adminService.ts(1347,9): error TS2322: Type '{ feedback: true; student: true; }' is not assignable to type 'never'.
src/services/homeService.ts(261,9): error TS2322: Type '{ userId: string; startTime: Date; targetTime: number; }' is not assignable to type '(Without<StudySessionCreateInput, StudySessionUncheckedCreateInput> & StudySessionUncheckedCreateInput) | (Without<...> & StudySessionCreateInput)'.
  Type '{ userId: string; startTime: Date; targetTime: number; }' is not assignable to type 'Without<StudySessionUncheckedCreateInput, StudySessionCreateInput> & StudySessionCreateInput'.
    Type '{ userId: string; startTime: Date; targetTime: number; }' is missing the following properties from type 'StudySessionCreateInput': id, updatedAt
src/services/levelAssessmentService.ts(69,9): error TS2322: Type '{ userId: string; simulationId: string; testLevel: string; score: number; totalQuestions: number; correctAnswers: number; timeSpent: number; determinedLevel: string; subLevel: number; confidence: number; ... 5 more ...; detailedAnalysis: any; }' is not assignable to type '(Without<LevelAssessmentCreateInput, LevelAssessmentUncheckedCreateInput> & LevelAssessmentUncheckedCreateInput) | (Without<...> & LevelAssessmentCreateInput)'.
  Type '{ userId: string; simulationId: string; testLevel: string; score: number; totalQuestions: number; correctAnswers: number; timeSpent: number; determinedLevel: string; subLevel: number; confidence: number; ... 5 more ...; detailedAnalysis: any; }' is not assignable to type 'Without<LevelAssessmentUncheckedCreateInput, LevelAssessmentCreateInput> & LevelAssessmentCreateInput'.
    Type '{ userId: string; simulationId: string; testLevel: string; score: number; totalQuestions: number; correctAnswers: number; timeSpent: number; determinedLevel: string; subLevel: number; confidence: number; ... 5 more ...; detailedAnalysis: any; }' is missing the following properties from type 'LevelAssessmentCreateInput': id, updatedAt
src/services/levelAssessmentService.ts(307,9): error TS2322: Type '{ simulation: { select: { title: true; type: true; }; }; }' is not assignable to type 'never'.
src/services/liveSessionService.ts(445,108): error TS2345: Argument of type 'UserRole' is not assignable to parameter of type '"JUNIOR_MANAGER" | "SENIOR_MANAGER" | "ADMIN"'.
  Type '"STUDENT"' is not assignable to type '"JUNIOR_MANAGER" | "SENIOR_MANAGER" | "ADMIN"'.
src/services/monitoringService.ts(172,50): error TS2339: Property 'conversation' does not exist on type 'PrismaClient<{ datasources: { db: { url: string; }; }; log: ("error" | "warn")[]; }, never, DefaultArgs>'.
src/services/postService.ts(90,15): error TS2353: Object literal may only specify known properties, and 'likes' does not exist in type 'PostCountOutputTypeSelect<DefaultArgs>'.
src/services/postService.ts(146,13): error TS2353: Object literal may only specify known properties, and 'likes' does not exist in type 'PostCountOutputTypeSelect<DefaultArgs>'.
src/services/postService.ts(562,15): error TS2353: Object literal may only specify known properties, and 'likes' does not exist in type 'PostCountOutputTypeSelect<DefaultArgs>'.
src/services/postService.ts(609,13): error TS2353: Object literal may only specify known properties, and 'likes' does not exist in type 'PostCountOutputTypeSelect<DefaultArgs>'.
src/services/postService.ts(621,30): error TS2339: Property '_count' does not exist on type '{ level: CourseLevel; id: string; status: PostStatus; createdAt: Date; updatedAt: Date; title: string; category: string; tags: string[]; scheduledAt: Date; ... 9 more ...; viewCount: number; }'.
src/services/postService.ts(621,56): error TS2339: Property '_count' does not exist on type '{ level: CourseLevel; id: string; status: PostStatus; createdAt: Date; updatedAt: Date; title: string; category: string; tags: string[]; scheduledAt: Date; ... 9 more ...; viewCount: number; }'.
src/services/postService.ts(621,85): error TS2339: Property '_count' does not exist on type '{ level: CourseLevel; id: string; status: PostStatus; createdAt: Date; updatedAt: Date; title: string; category: string; tags: string[]; scheduledAt: Date; ... 9 more ...; viewCount: number; }'.
src/services/postService.ts(685,15): error TS2353: Object literal may only specify known properties, and 'likes' does not exist in type 'PostCountOutputTypeSelect<DefaultArgs>'.
src/services/questionBankService.ts(435,24): error TS2353: Object literal may only specify known properties, and 'contains' does not exist in type 'EnumTestLevelFilter<"QuestionBank">'.
src/services/searchService.ts(311,17): error TS2353: Object literal may only specify known properties, and 'likes' does not exist in type 'PostCountOutputTypeSelect<DefaultArgs>'.
src/services/searchService.ts(328,27): error TS2551: Property 'author' does not exist on type '{ level: CourseLevel; id: string; status: PostStatus; createdAt: Date; updatedAt: Date; title: string; category: string; tags: string[]; scheduledAt: Date; ... 9 more ...; viewCount: number; }'. Did you mean 'authorId'?
src/services/searchService.ts(329,26): error TS2551: Property 'author' does not exist on type '{ level: CourseLevel; id: string; status: PostStatus; createdAt: Date; updatedAt: Date; title: string; category: string; tags: string[]; scheduledAt: Date; ... 9 more ...; viewCount: number; }'. Did you mean 'authorId'?
src/services/searchService.ts(330,22): error TS2551: Property 'author' does not exist on type '{ level: CourseLevel; id: string; status: PostStatus; createdAt: Date; updatedAt: Date; title: string; category: string; tags: string[]; scheduledAt: Date; ... 9 more ...; viewCount: number; }'. Did you mean 'authorId'?
src/services/searchService.ts(335,27): error TS2339: Property '_count' does not exist on type '{ level: CourseLevel; id: string; status: PostStatus; createdAt: Date; updatedAt: Date; title: string; category: string; tags: string[]; scheduledAt: Date; ... 9 more ...; viewCount: number; }'.
src/services/searchService.ts(336,30): error TS2339: Property '_count' does not exist on type '{ level: CourseLevel; id: string; status: PostStatus; createdAt: Date; updatedAt: Date; title: string; category: string; tags: string[]; scheduledAt: Date; ... 9 more ...; viewCount: number; }'.
src/services/searchService.ts(337,28): error TS2339: Property '_count' does not exist on type '{ level: CourseLevel; id: string; status: PostStatus; createdAt: Date; updatedAt: Date; title: string; category: string; tags: string[]; scheduledAt: Date; ... 9 more ...; viewCount: number; }'.
src/services/searchService.ts(603,20): error TS2353: Object literal may only specify known properties, and 'likes' does not exist in type 'PostOrderByWithRelationInput | PostOrderByWithRelationInput[]'.
